// Jest Snapshot v1, https://goo.gl/fbAQLP

exports[`<HeaderContainer /> HeaderContainer snapshot test 1`] = `
<Header
  date="Wed Apr 05 2017"
/>
`;
