// Jest Snapshot v1, https://goo.gl/fbAQLP

exports[`<HomeAutomation /> HomeAutomation snapshot 1`] = `
<div
  className="home-auto home-auto--md home-auto--sm"
/>
`;
