// Jest Snapshot v1, https://goo.gl/fbAQLP

exports[`<Button /> Button snapshot test 1`] = `
<button
  className="btn"
>
  click
</button>
`;
