// Jest Snapshot v1, https://goo.gl/fbAQLP

exports[`<WelcomeContainer /> WelcomeContainer snapshot 1`] = `
<Welcome
  msg="welcome"
/>
`;
