// Jest Snapshot v1, https://goo.gl/fbAQLP

exports[`<PanelDetails /> PanelDetails snapshot 1`] = `
<div
  className="home-auto__panel-controls"
/>
`;
