// Jest Snapshot v1, https://goo.gl/fbAQLP

exports[`<Loading /> Loading snapshot 1`] = `
<div
  className="loading loading--block-md"
>
  loading
</div>
`;
